// Jest Snapshot v1, https://goo.gl/fbAQLP

exports[`<Home /> Rendering 1`] = `
<section>
  <h1>
    Welcome Home
  </h1>
</section>
`;
