// Jest Snapshot v1, https://goo.gl/fbAQLP

exports[`<ReactHelment /> Rendering 1`] = `
<Fragment>
  <HelmetWrapper
    defer={true}
    encodeSpecialCharacters={true}
  >
    <title>
      Test - React Boilerplate
    </title>
    <meta
      content="Test to be protected."
      name="description"
    />
  </HelmetWrapper>
  <TestComponent />
</Fragment>
`;
