// Jest Snapshot v1, https://goo.gl/fbAQLP

exports[`<Profile /> Rendering 1`] = `
<section>
  <h1>
    Profile Page
  </h1>
</section>
`;
