// Jest Snapshot v1, https://goo.gl/fbAQLP

exports[`<Main /> Rendering 1`] = `
<StrictMode>
  <Provider
    store={
      Object {
        "dispatch": [Function],
        "getState": [Function],
        "replaceReducer": [Function],
        "subscribe": [Function],
        Symbol(observable): [Function],
      }
    }
  >
    <HelmetProvider
      context={Object {}}
    >
      <AppRouter />
    </HelmetProvider>
  </Provider>
</StrictMode>
`;
