// Jest Snapshot v1, https://goo.gl/fbAQLP

exports[`<Loading /> Rendering 1`] = `ShallowWrapper {}`;
